Resolving dependencies in `/mnt/c/Users/fahd_/OneDrive/Documents/Loom/app`...
Downloading packages...
  _fe_analyzer_shared 93.0.0 (104.0.0 available)
  analyzer 10.0.1 (14.0.0 available)
  cli_util 0.4.2 (0.5.1 available)
  code_assets 1.2.0 (1.2.1 available)
  dart_style 3.1.7 (3.1.9 available)
  drift 2.33.0 (2.34.0 available)
  drift_dev 2.33.0 (2.34.1+1 available)
  hooks 2.0.0 (2.0.2 available)
  matcher 0.12.19 (0.12.20 available)
  melos 7.8.0 (8.0.0 available)
  meta 1.17.0 (1.18.3 available)
  mustache_template 2.0.4 (2.0.5 available)
  package_config 2.2.0 (3.0.0 available)
  path_provider 2.1.5 (2.1.6 available)
  path_provider_linux 2.2.1 (2.2.2 available)
  path_provider_platform_interface 2.1.2 (2.1.3 available)
  sqlite3 3.3.2 (3.3.3 available)
  sqlite3_flutter_libs 0.5.42 (0.6.0+eol available)
  sqlparser 0.44.4 (0.44.5 available)
  test 1.30.0 (1.31.2 available)
  test_api 0.7.10 (0.7.13 available)
  test_core 0.6.16 (0.6.19 available)
  url_launcher_android 6.3.30 (6.3.32 available)
  vector_math 2.2.0 (2.4.0 available)
  webview_flutter 4.13.1 (4.14.0 available)
  webview_flutter_android 4.12.0 (4.13.0 available)
  webview_flutter_wkwebview 3.25.1 (3.26.0 available)
  xml 6.6.1 (7.0.1 available)
Got dependencies in `/mnt/c/Users/fahd_/OneDrive/Documents/Loom/app`!
28 packages have newer versions incompatible with dependency constraints.
Try `flutter pub outdated` for more information.
Running Gradle task 'assembleDebug'...                             26.4s
✓ Built build/app/outputs/flutter-apk/app-debug.apk
Installing build/app/outputs/flutter-apk/app-debug.apk...          787ms
I/Choreographer( 6651): Skipped 48 frames!  The application may be doing too much work on its main thread.
I/WindowExtensionsImpl( 6651): Initializing Window Extensions, vendor API level=9, activity embedding enabled=true
D/FlutterRenderer( 6651): Width is zero. 0,0
D/FlutterJNI( 6651): Sending viewport metrics to the engine.
I/ommunities_demo( 6651): Compiler allocated 5042KB to compile void android.view.ViewRootImpl.performTraversals()
D/WindowLayoutComponentImpl( 6651): Register WindowLayoutInfoListener on Context=com.example.loom_communities_demo.MainActivity@97f20f3, of which baseContext=android.app.ContextImpl@cccbde5
D/FlutterJNI( 6651): Sending viewport metrics to the engine.
VMServiceFlutterDriver: Connecting to Flutter application at http://127.0.0.1:44239/t8zEdqpBy9c=/
VMServiceFlutterDriver: Isolate found with number: 6306985687359031
VMServiceFlutterDriver: Isolate 6306985687359031 is runnable.
VMServiceFlutterDriver: Isolate is paused at start.
VMServiceFlutterDriver: Attempting to resume isolate
I/flutter ( 6651): 00:00 +0: wf_full-ui-screenshot-evidence-b12-b16
VMServiceFlutterDriver: Connected to Flutter application.
D/FlutterJNI( 6651): Sending viewport metrics to the engine.
D/InsetsController( 6651): hide(ime(), fromIme=false)
I/ImeTracker( 6651): com.example.loom_communities_demo:2781a28c: onCancelled at PHASE_CLIENT_ALREADY_HIDDEN
I/ommunities_demo( 6651): AssetManager2(0x775fd996abb8) locale list changing from [] to [en-US]
W/WindowOnBackDispatcher( 6651): sendCancelIfRunning: isInProgress=false callback=io.flutter.embedding.android.FlutterActivity$1@d0e2c72
I/ImeTracker( 6651): com.example.loom_communities_demo:680107ac: onRequestShow at ORIGIN_CLIENT reason SHOW_SOFT_INPUT fromUser false
D/InsetsController( 6651): show(ime(), fromIme=false)
D/InsetsController( 6651): Setting requestedVisibleTypes to -1 (was -9)
I/ImeTracker( 6651): com.example.loom_communities_demo:a60e2e49: onRequestShow at ORIGIN_CLIENT reason SHOW_SOFT_INPUT fromUser false
D/InsetsController( 6651): show(ime(), fromIme=false)
I/ImeTracker( 6651): com.example.loom_communities_demo:a60e2e49: onCancelled at PHASE_CLIENT_REPORT_REQUESTED_VISIBLE_TYPES
I/ImeTracker( 6651): com.example.loom_communities_demo:537b2843: onRequestShow at ORIGIN_CLIENT reason SHOW_SOFT_INPUT fromUser false
D/InsetsController( 6651): show(ime(), fromIme=false)
I/ImeTracker( 6651): com.example.loom_communities_demo:537b2843: onCancelled at PHASE_CLIENT_REPORT_REQUESTED_VISIBLE_TYPES
I/ImeTracker( 6651): com.example.loom_communities_demo:5f5ad04e: onRequestShow at ORIGIN_CLIENT reason SHOW_SOFT_INPUT fromUser false
D/InsetsController( 6651): show(ime(), fromIme=false)
I/ImeTracker( 6651): com.example.loom_communities_demo:5f5ad04e: onCancelled at PHASE_CLIENT_REPORT_REQUESTED_VISIBLE_TYPES
I/AssistStructure( 6651): Flattened final assist data: 524 bytes, containing 1 windows, 3 views
W/RemoteInputConnectionImpl( 6651): requestCursorUpdates on inactive InputConnection
I/ImeTracker( 6651): com.example.loom_communities_demo:73db344d: onRequestHide at ORIGIN_CLIENT reason HIDE_SOFT_INPUT fromUser false
D/InsetsController( 6651): hide(ime(), fromIme=false)
D/InsetsController( 6651): Setting requestedVisibleTypes to -9 (was -1)
D/CompatChangeReporter( 6651): Compat change id reported: 395521150; UID 10219; state: ENABLED
W/WindowOnBackDispatcher( 6651): sendCancelIfRunning: isInProgress=false callback=io.flutter.embedding.android.FlutterActivity$1@d0e2c72
I/AssistStructure( 6651): Flattened final assist data: 296 bytes, containing 1 windows, 2 views
W/RemoteInputConnectionImpl( 6651): getSurroundingText on inactive InputConnection
W/RemoteInputConnectionImpl( 6651): getSurroundingText on inactive InputConnection
W/RemoteInputConnectionImpl( 6651): getTextBeforeCursor on inactive InputConnection
D/ProfileInstaller( 6651): Installing profile for com.example.loom_communities_demo
W/RemoteInputConnectionImpl( 6651): requestCursorUpdates on inactive InputConnection
W/RemoteInputConnectionImpl( 6651): getSurroundingText on inactive InputConnection
VMServiceFlutterDriver: request_data message is taking a long time to complete...
W/RemoteInputConnectionImpl( 6651): getSurroundingText on inactive InputConnection
W/RemoteInputConnectionImpl( 6651): getTextBeforeCursor on inactive InputConnection
I/ImeTracker( 6651): system_server:e2292750: onCancelled at PHASE_CLIENT_ON_CONTROLS_CHANGED
W/WindowOnBackDispatcher( 6651): sendCancelIfRunning: isInProgress=false callback=io.flutter.embedding.android.FlutterActivity$1@d0e2c72
I/ommunities_demo( 6651): AssetManager2(0x775fd9978358) locale list changing from [] to [en-US]
I/ImeTracker( 6651): com.example.loom_communities_demo:2d96da4a: onRequestShow at ORIGIN_CLIENT reason SHOW_SOFT_INPUT fromUser false
D/InsetsController( 6651): show(ime(), fromIme=false)
D/InsetsController( 6651): Setting requestedVisibleTypes to -1 (was -9)
I/ImeTracker( 6651): com.example.loom_communities_demo:b6a4f9ba: onRequestShow at ORIGIN_CLIENT reason SHOW_SOFT_INPUT fromUser false
D/InsetsController( 6651): show(ime(), fromIme=false)
I/ImeTracker( 6651): com.example.loom_communities_demo:b6a4f9ba: onCancelled at PHASE_CLIENT_REPORT_REQUESTED_VISIBLE_TYPES
D/InputConnectionAdaptor( 6651): The input method toggled cursor monitoring on
I/AssistStructure( 6651): Flattened final assist data: 528 bytes, containing 1 windows, 3 views
I/ImeTracker( 6651): com.example.loom_communities_demo:d25523e4: onRequestShow at ORIGIN_CLIENT reason SHOW_SOFT_INPUT fromUser false
D/InsetsController( 6651): show(ime(), fromIme=false)
I/ImeTracker( 6651): com.example.loom_communities_demo:d25523e4: onCancelled at PHASE_CLIENT_REPORT_REQUESTED_VISIBLE_TYPES
I/ImeTracker( 6651): com.example.loom_communities_demo:19961ef4: onRequestShow at ORIGIN_CLIENT reason SHOW_SOFT_INPUT fromUser false
D/InsetsController( 6651): show(ime(), fromIme=false)
I/ImeTracker( 6651): com.example.loom_communities_demo:19961ef4: onCancelled at PHASE_CLIENT_REPORT_REQUESTED_VISIBLE_TYPES
W/RemoteInputConnectionImpl( 6651): getSurroundingText on inactive InputConnection
I/ImeTracker( 6651): com.example.loom_communities_demo:9c3f4878: onRequestHide at ORIGIN_CLIENT reason HIDE_SOFT_INPUT fromUser false
D/InsetsController( 6651): hide(ime(), fromIme=false)
D/InsetsController( 6651): Setting requestedVisibleTypes to -9 (was -1)
W/WindowOnBackDispatcher( 6651): sendCancelIfRunning: isInProgress=false callback=io.flutter.embedding.android.FlutterActivity$1@d0e2c72
I/AssistStructure( 6651): Flattened final assist data: 296 bytes, containing 1 windows, 2 views
W/RemoteInputConnectionImpl( 6651): getSurroundingText on inactive InputConnection
W/RemoteInputConnectionImpl( 6651): getTextBeforeCursor on inactive InputConnection
W/RemoteInputConnectionImpl( 6651): requestCursorUpdates on inactive InputConnection
W/RemoteInputConnectionImpl( 6651): getSurroundingText on inactive InputConnection
W/RemoteInputConnectionImpl( 6651): getSurroundingText on inactive InputConnection
W/RemoteInputConnectionImpl( 6651): getTextBeforeCursor on inactive InputConnection
W/WindowOnBackDispatcher( 6651): sendCancelIfRunning: isInProgress=false callback=android.view.ImeBackAnimationController@403c73d
I/ImeTracker( 6651): system_server:adc8b849: onCancelled at PHASE_CLIENT_ON_CONTROLS_CHANGED
W/WindowOnBackDispatcher( 6651): sendCancelIfRunning: isInProgress=false callback=io.flutter.embedding.android.FlutterActivity$1@d0e2c72
I/ommunities_demo( 6651): AssetManager2(0x775fd99a2658) locale list changing from [] to [en-US]
I/ImeTracker( 6651): com.example.loom_communities_demo:e584cb90: onRequestShow at ORIGIN_CLIENT reason SHOW_SOFT_INPUT fromUser false
D/InsetsController( 6651): show(ime(), fromIme=false)
D/InsetsController( 6651): Setting requestedVisibleTypes to -1 (was -9)
I/ImeTracker( 6651): com.example.loom_communities_demo:a1a459f9: onRequestShow at ORIGIN_CLIENT reason SHOW_SOFT_INPUT fromUser false
D/InsetsController( 6651): show(ime(), fromIme=false)
I/ImeTracker( 6651): com.example.loom_communities_demo:a1a459f9: onCancelled at PHASE_CLIENT_REPORT_REQUESTED_VISIBLE_TYPES
D/InputConnectionAdaptor( 6651): The input method toggled cursor monitoring on
I/AssistStructure( 6651): Flattened final assist data: 528 bytes, containing 1 windows, 3 views
I/ImeTracker( 6651): com.example.loom_communities_demo:a982fc27: onRequestShow at ORIGIN_CLIENT reason SHOW_SOFT_INPUT fromUser false
D/InsetsController( 6651): show(ime(), fromIme=false)
I/ImeTracker( 6651): com.example.loom_communities_demo:a982fc27: onCancelled at PHASE_CLIENT_REPORT_REQUESTED_VISIBLE_TYPES
I/ImeTracker( 6651): com.example.loom_communities_demo:ffd83300: onRequestShow at ORIGIN_CLIENT reason SHOW_SOFT_INPUT fromUser false
D/InsetsController( 6651): show(ime(), fromIme=false)
I/ImeTracker( 6651): com.example.loom_communities_demo:ffd83300: onCancelled at PHASE_CLIENT_REPORT_REQUESTED_VISIBLE_TYPES
I/ImeTracker( 6651): com.example.loom_communities_demo:97f5c83b: onRequestHide at ORIGIN_CLIENT reason HIDE_SOFT_INPUT fromUser false
D/InsetsController( 6651): hide(ime(), fromIme=false)
W/WindowOnBackDispatcher( 6651): sendCancelIfRunning: isInProgress=false callback=android.view.ImeBackAnimationController@403c73d
D/InsetsController( 6651): Setting requestedVisibleTypes to -9 (was -1)
I/ImeTracker( 6651): com.example.loom_communities_demo:e584cb90: onCancelled at PHASE_CLIENT_ON_CONTROLS_CHANGED
W/WindowOnBackDispatcher( 6651): sendCancelIfRunning: isInProgress=false callback=io.flutter.embedding.android.FlutterActivity$1@d0e2c72
I/ImeTracker( 6651): system_server:b49e8ba3: onCancelled at PHASE_CLIENT_ON_CONTROLS_CHANGED
W/RemoteInputConnectionImpl( 6651): requestCursorUpdates on inactive InputConnection
W/RemoteInputConnectionImpl( 6651): getSurroundingText on inactive InputConnection
W/RemoteInputConnectionImpl( 6651): getSurroundingText on inactive InputConnection
W/RemoteInputConnectionImpl( 6651): getTextBeforeCursor on inactive InputConnection
W/WindowOnBackDispatcher( 6651): sendCancelIfRunning: isInProgress=false callback=io.flutter.embedding.android.FlutterActivity$1@d0e2c72
I/ommunities_demo( 6651): AssetManager2(0x775fd9987d58) locale list changing from [] to [en-US]
I/ImeTracker( 6651): com.example.loom_communities_demo:7d9d55ca: onRequestShow at ORIGIN_CLIENT reason SHOW_SOFT_INPUT fromUser false
D/InsetsController( 6651): show(ime(), fromIme=false)
D/InsetsController( 6651): Setting requestedVisibleTypes to -1 (was -9)
I/ImeTracker( 6651): com.example.loom_communities_demo:31b9f677: onRequestShow at ORIGIN_CLIENT reason SHOW_SOFT_INPUT fromUser false
D/InsetsController( 6651): show(ime(), fromIme=false)
I/ImeTracker( 6651): com.example.loom_communities_demo:31b9f677: onCancelled at PHASE_CLIENT_REPORT_REQUESTED_VISIBLE_TYPES
D/InputConnectionAdaptor( 6651): The input method toggled cursor monitoring on
I/AssistStructure( 6651): Flattened final assist data: 528 bytes, containing 1 windows, 3 views
I/ImeTracker( 6651): com.example.loom_communities_demo:e89626d2: onRequestShow at ORIGIN_CLIENT reason SHOW_SOFT_INPUT fromUser false
D/InsetsController( 6651): show(ime(), fromIme=false)
I/ImeTracker( 6651): com.example.loom_communities_demo:e89626d2: onCancelled at PHASE_CLIENT_REPORT_REQUESTED_VISIBLE_TYPES
I/ImeTracker( 6651): com.example.loom_communities_demo:dc3dcfb2: onRequestShow at ORIGIN_CLIENT reason SHOW_SOFT_INPUT fromUser false
D/InsetsController( 6651): show(ime(), fromIme=false)
I/ImeTracker( 6651): com.example.loom_communities_demo:dc3dcfb2: onCancelled at PHASE_CLIENT_REPORT_REQUESTED_VISIBLE_TYPES
W/RemoteInputConnectionImpl( 6651): getSurroundingText on inactive InputConnection
I/ImeTracker( 6651): com.example.loom_communities_demo:256a5320: onRequestHide at ORIGIN_CLIENT reason HIDE_SOFT_INPUT fromUser false
D/InsetsController( 6651): hide(ime(), fromIme=false)
D/InsetsController( 6651): Setting requestedVisibleTypes to -9 (was -1)
I/AssistStructure( 6651): Flattened final assist data: 296 bytes, containing 1 windows, 2 views
W/RemoteInputConnectionImpl( 6651): getSurroundingText on inactive InputConnection
W/RemoteInputConnectionImpl( 6651): getTextBeforeCursor on inactive InputConnection
W/RemoteInputConnectionImpl( 6651): requestCursorUpdates on inactive InputConnection
W/RemoteInputConnectionImpl( 6651): getSurroundingText on inactive InputConnection
W/RemoteInputConnectionImpl( 6651): getSurroundingText on inactive InputConnection
W/WindowOnBackDispatcher( 6651): sendCancelIfRunning: isInProgress=false callback=android.view.ImeBackAnimationController@403c73d
I/ImeTracker( 6651): system_server:bb6ff2c4: onCancelled at PHASE_CLIENT_ON_CONTROLS_CHANGED
W/WindowOnBackDispatcher( 6651): sendCancelIfRunning: isInProgress=false callback=io.flutter.embedding.android.FlutterActivity$1@d0e2c72
I/ommunities_demo( 6651): AssetManager2(0x775fd9999cd8) locale list changing from [] to [en-US]
I/ImeTracker( 6651): com.example.loom_communities_demo:e5a7f644: onRequestShow at ORIGIN_CLIENT reason SHOW_SOFT_INPUT fromUser false
D/InsetsController( 6651): show(ime(), fromIme=false)
D/InsetsController( 6651): Setting requestedVisibleTypes to -1 (was -9)
I/ImeTracker( 6651): com.example.loom_communities_demo:f20b32f5: onRequestShow at ORIGIN_CLIENT reason SHOW_SOFT_INPUT fromUser false
D/InsetsController( 6651): show(ime(), fromIme=false)
I/ImeTracker( 6651): com.example.loom_communities_demo:f20b32f5: onCancelled at PHASE_CLIENT_REPORT_REQUESTED_VISIBLE_TYPES
D/InputConnectionAdaptor( 6651): The input method toggled cursor monitoring on
I/AssistStructure( 6651): Flattened final assist data: 528 bytes, containing 1 windows, 3 views
I/ImeTracker( 6651): com.example.loom_communities_demo:77dd07e8: onRequestShow at ORIGIN_CLIENT reason SHOW_SOFT_INPUT fromUser false
D/InsetsController( 6651): show(ime(), fromIme=false)
I/ImeTracker( 6651): com.example.loom_communities_demo:77dd07e8: onCancelled at PHASE_CLIENT_REPORT_REQUESTED_VISIBLE_TYPES
I/ImeTracker( 6651): com.example.loom_communities_demo:73f3549b: onRequestShow at ORIGIN_CLIENT reason SHOW_SOFT_INPUT fromUser false
D/InsetsController( 6651): show(ime(), fromIme=false)
I/ImeTracker( 6651): com.example.loom_communities_demo:73f3549b: onCancelled at PHASE_CLIENT_REPORT_REQUESTED_VISIBLE_TYPES
W/RemoteInputConnectionImpl( 6651): getSurroundingText on inactive InputConnection
I/ImeTracker( 6651): com.example.loom_communities_demo:c298b10f: onRequestHide at ORIGIN_CLIENT reason HIDE_SOFT_INPUT fromUser false
D/InsetsController( 6651): hide(ime(), fromIme=false)
D/InsetsController( 6651): Setting requestedVisibleTypes to -9 (was -1)
I/AssistStructure( 6651): Flattened final assist data: 296 bytes, containing 1 windows, 2 views
W/RemoteInputConnectionImpl( 6651): getSurroundingText on inactive InputConnection
W/RemoteInputConnectionImpl( 6651): getTextBeforeCursor on inactive InputConnection
W/RemoteInputConnectionImpl( 6651): requestCursorUpdates on inactive InputConnection
W/RemoteInputConnectionImpl( 6651): getSurroundingText on inactive InputConnection
W/RemoteInputConnectionImpl( 6651): getSurroundingText on inactive InputConnection
W/RemoteInputConnectionImpl( 6651): getTextBeforeCursor on inactive InputConnection
W/WindowOnBackDispatcher( 6651): sendCancelIfRunning: isInProgress=false callback=android.view.ImeBackAnimationController@403c73d
I/ImeTracker( 6651): system_server:e056c70: onCancelled at PHASE_CLIENT_ON_CONTROLS_CHANGED
W/WindowOnBackDispatcher( 6651): sendCancelIfRunning: isInProgress=false callback=io.flutter.embedding.android.FlutterActivity$1@d0e2c72
I/ommunities_demo( 6651): AssetManager2(0x775fd998f418) locale list changing from [] to [en-US]
I/ImeTracker( 6651): com.example.loom_communities_demo:38bbc881: onRequestShow at ORIGIN_CLIENT reason SHOW_SOFT_INPUT fromUser false
D/InsetsController( 6651): show(ime(), fromIme=false)
D/InsetsController( 6651): Setting requestedVisibleTypes to -1 (was -9)
I/ImeTracker( 6651): com.example.loom_communities_demo:b192aadf: onRequestShow at ORIGIN_CLIENT reason SHOW_SOFT_INPUT fromUser false
D/InsetsController( 6651): show(ime(), fromIme=false)
I/ImeTracker( 6651): com.example.loom_communities_demo:b192aadf: onCancelled at PHASE_CLIENT_REPORT_REQUESTED_VISIBLE_TYPES
D/InputConnectionAdaptor( 6651): The input method toggled cursor monitoring on
I/AssistStructure( 6651): Flattened final assist data: 528 bytes, containing 1 windows, 3 views
I/ImeTracker( 6651): com.example.loom_communities_demo:abf80035: onRequestShow at ORIGIN_CLIENT reason SHOW_SOFT_INPUT fromUser false
D/InsetsController( 6651): show(ime(), fromIme=false)
I/ImeTracker( 6651): com.example.loom_communities_demo:abf80035: onCancelled at PHASE_CLIENT_REPORT_REQUESTED_VISIBLE_TYPES
I/ImeTracker( 6651): com.example.loom_communities_demo:f32ca75d: onRequestShow at ORIGIN_CLIENT reason SHOW_SOFT_INPUT fromUser false
D/InsetsController( 6651): show(ime(), fromIme=false)
I/ImeTracker( 6651): com.example.loom_communities_demo:f32ca75d: onCancelled at PHASE_CLIENT_REPORT_REQUESTED_VISIBLE_TYPES
I/ImeTracker( 6651): com.example.loom_communities_demo:3d72f14f: onRequestHide at ORIGIN_CLIENT reason HIDE_SOFT_INPUT fromUser false
D/InsetsController( 6651): hide(ime(), fromIme=false)
W/WindowOnBackDispatcher( 6651): sendCancelIfRunning: isInProgress=false callback=android.view.ImeBackAnimationController@403c73d
D/InsetsController( 6651): Setting requestedVisibleTypes to -9 (was -1)
W/WindowOnBackDispatcher( 6651): sendCancelIfRunning: isInProgress=false callback=io.flutter.embedding.android.FlutterActivity$1@d0e2c72
I/ImeTracker( 6651): com.example.loom_communities_demo:38bbc881: onCancelled at PHASE_CLIENT_ON_CONTROLS_CHANGED
I/ImeTracker( 6651): system_server:5e77b4ed: onCancelled at PHASE_CLIENT_ON_CONTROLS_CHANGED
W/RemoteInputConnectionImpl( 6651): requestCursorUpdates on inactive InputConnection
W/RemoteInputConnectionImpl( 6651): getSurroundingText on inactive InputConnection
W/RemoteInputConnectionImpl( 6651): getSurroundingText on inactive InputConnection
W/RemoteInputConnectionImpl( 6651): getTextBeforeCursor on inactive InputConnection
W/WindowOnBackDispatcher( 6651): sendCancelIfRunning: isInProgress=false callback=io.flutter.embedding.android.FlutterActivity$1@d0e2c72
I/ommunities_demo( 6651): AssetManager2(0x775fd9997438) locale list changing from [] to [en-US]
I/ImeTracker( 6651): com.example.loom_communities_demo:8042dbd2: onRequestShow at ORIGIN_CLIENT reason SHOW_SOFT_INPUT fromUser false
D/InsetsController( 6651): show(ime(), fromIme=false)
D/InsetsController( 6651): Setting requestedVisibleTypes to -1 (was -9)
I/ImeTracker( 6651): com.example.loom_communities_demo:e2c3b077: onRequestShow at ORIGIN_CLIENT reason SHOW_SOFT_INPUT fromUser false
D/InsetsController( 6651): show(ime(), fromIme=false)
I/ImeTracker( 6651): com.example.loom_communities_demo:e2c3b077: onCancelled at PHASE_CLIENT_REPORT_REQUESTED_VISIBLE_TYPES
D/InputConnectionAdaptor( 6651): The input method toggled cursor monitoring on
I/ImeTracker( 6651): com.example.loom_communities_demo:3b63aac9: onRequestShow at ORIGIN_CLIENT reason SHOW_SOFT_INPUT fromUser false
D/InsetsController( 6651): show(ime(), fromIme=false)
I/ImeTracker( 6651): com.example.loom_communities_demo:3b63aac9: onCancelled at PHASE_CLIENT_REPORT_REQUESTED_VISIBLE_TYPES
I/ImeTracker( 6651): com.example.loom_communities_demo:32e5764b: onRequestShow at ORIGIN_CLIENT reason SHOW_SOFT_INPUT fromUser false
D/InsetsController( 6651): show(ime(), fromIme=false)
I/ImeTracker( 6651): com.example.loom_communities_demo:32e5764b: onCancelled at PHASE_CLIENT_REPORT_REQUESTED_VISIBLE_TYPES
W/RemoteInputConnectionImpl( 6651): getSurroundingText on inactive InputConnection
I/ImeTracker( 6651): com.example.loom_communities_demo:9ddb3682: onRequestHide at ORIGIN_CLIENT reason HIDE_SOFT_INPUT fromUser false
D/InsetsController( 6651): hide(ime(), fromIme=false)
D/InsetsController( 6651): Setting requestedVisibleTypes to -9 (was -1)
W/RemoteInputConnectionImpl( 6651): requestCursorUpdates on inactive InputConnection
W/RemoteInputConnectionImpl( 6651): getSurroundingText on inactive InputConnection
W/RemoteInputConnectionImpl( 6651): getSurroundingText on inactive InputConnection
W/RemoteInputConnectionImpl( 6651): getTextBeforeCursor on inactive InputConnection
W/WindowOnBackDispatcher( 6651): sendCancelIfRunning: isInProgress=false callback=android.view.ImeBackAnimationController@403c73d
I/ImeTracker( 6651): system_server:2704c339: onCancelled at PHASE_CLIENT_ON_CONTROLS_CHANGED
W/WindowOnBackDispatcher( 6651): sendCancelIfRunning: isInProgress=false callback=io.flutter.embedding.android.FlutterActivity$1@d0e2c72
I/ommunities_demo( 6651): AssetManager2(0x775fd9959278) locale list changing from [] to [en-US]
I/ImeTracker( 6651): com.example.loom_communities_demo:c76f62ad: onRequestShow at ORIGIN_CLIENT reason SHOW_SOFT_INPUT fromUser false
D/InsetsController( 6651): show(ime(), fromIme=false)
D/InsetsController( 6651): Setting requestedVisibleTypes to -1 (was -9)
I/ImeTracker( 6651): com.example.loom_communities_demo:85c88b21: onRequestShow at ORIGIN_CLIENT reason SHOW_SOFT_INPUT fromUser false
D/InsetsController( 6651): show(ime(), fromIme=false)
I/ImeTracker( 6651): com.example.loom_communities_demo:85c88b21: onCancelled at PHASE_CLIENT_REPORT_REQUESTED_VISIBLE_TYPES
D/InputConnectionAdaptor( 6651): The input method toggled cursor monitoring on
I/ImeTracker( 6651): com.example.loom_communities_demo:1696d8fb: onRequestShow at ORIGIN_CLIENT reason SHOW_SOFT_INPUT fromUser false
D/InsetsController( 6651): show(ime(), fromIme=false)
I/ImeTracker( 6651): com.example.loom_communities_demo:1696d8fb: onCancelled at PHASE_CLIENT_REPORT_REQUESTED_VISIBLE_TYPES
I/ImeTracker( 6651): com.example.loom_communities_demo:6d6b3423: onRequestShow at ORIGIN_CLIENT reason SHOW_SOFT_INPUT fromUser false
D/InsetsController( 6651): show(ime(), fromIme=false)
I/ImeTracker( 6651): com.example.loom_communities_demo:6d6b3423: onCancelled at PHASE_CLIENT_REPORT_REQUESTED_VISIBLE_TYPES
W/RemoteInputConnectionImpl( 6651): getSurroundingText on inactive InputConnection
I/ImeTracker( 6651): com.example.loom_communities_demo:d0fcfb1c: onRequestHide at ORIGIN_CLIENT reason HIDE_SOFT_INPUT fromUser false
D/InsetsController( 6651): hide(ime(), fromIme=false)
D/InsetsController( 6651): Setting requestedVisibleTypes to -9 (was -1)
W/RemoteInputConnectionImpl( 6651): requestCursorUpdates on inactive InputConnection
W/RemoteInputConnectionImpl( 6651): getSurroundingText on inactive InputConnection
W/RemoteInputConnectionImpl( 6651): getSurroundingText on inactive InputConnection
W/RemoteInputConnectionImpl( 6651): getTextBeforeCursor on inactive InputConnection
W/WindowOnBackDispatcher( 6651): sendCancelIfRunning: isInProgress=false callback=android.view.ImeBackAnimationController@403c73d
I/ImeTracker( 6651): system_server:4a1a7859: onCancelled at PHASE_CLIENT_ON_CONTROLS_CHANGED
I/ommunities_demo( 6651): Background concurrent mark compact GC freed 252KB AllocSpace bytes, 16(2228KB) LOS objects, 49% free, 2588KB/5176KB, paused 42us,7ms total 24.915ms
W/WindowOnBackDispatcher( 6651): sendCancelIfRunning: isInProgress=false callback=io.flutter.embedding.android.FlutterActivity$1@d0e2c72
I/ommunities_demo( 6651): AssetManager2(0x775fd9979618) locale list changing from [] to [en-US]
I/ImeTracker( 6651): com.example.loom_communities_demo:ab2c1db9: onRequestShow at ORIGIN_CLIENT reason SHOW_SOFT_INPUT fromUser false
D/InsetsController( 6651): show(ime(), fromIme=false)
D/InsetsController( 6651): Setting requestedVisibleTypes to -1 (was -9)
I/ImeTracker( 6651): com.example.loom_communities_demo:cf6ff7c: onRequestShow at ORIGIN_CLIENT reason SHOW_SOFT_INPUT fromUser false
D/InsetsController( 6651): show(ime(), fromIme=false)
I/ImeTracker( 6651): com.example.loom_communities_demo:cf6ff7c: onCancelled at PHASE_CLIENT_REPORT_REQUESTED_VISIBLE_TYPES
D/InputConnectionAdaptor( 6651): The input method toggled cursor monitoring on
I/ImeTracker( 6651): com.example.loom_communities_demo:f8506b01: onRequestShow at ORIGIN_CLIENT reason SHOW_SOFT_INPUT fromUser false
D/InsetsController( 6651): show(ime(), fromIme=false)
I/ImeTracker( 6651): com.example.loom_communities_demo:f8506b01: onCancelled at PHASE_CLIENT_REPORT_REQUESTED_VISIBLE_TYPES
I/ImeTracker( 6651): com.example.loom_communities_demo:6ccee862: onRequestShow at ORIGIN_CLIENT reason SHOW_SOFT_INPUT fromUser false
D/InsetsController( 6651): show(ime(), fromIme=false)
I/ImeTracker( 6651): com.example.loom_communities_demo:6ccee862: onCancelled at PHASE_CLIENT_REPORT_REQUESTED_VISIBLE_TYPES
I/ImeTracker( 6651): com.example.loom_communities_demo:bf3cb4c5: onRequestHide at ORIGIN_CLIENT reason HIDE_SOFT_INPUT fromUser false
D/InsetsController( 6651): hide(ime(), fromIme=false)
D/InsetsController( 6651): Setting requestedVisibleTypes to -9 (was -1)
W/RemoteInputConnectionImpl( 6651): getSurroundingText on inactive InputConnection
W/WindowOnBackDispatcher( 6651): sendCancelIfRunning: isInProgress=false callback=io.flutter.embedding.android.FlutterActivity$1@d0e2c72
W/RemoteInputConnectionImpl( 6651): getSurroundingText on inactive InputConnection
W/RemoteInputConnectionImpl( 6651): getTextBeforeCursor on inactive InputConnection
W/RemoteInputConnectionImpl( 6651): requestCursorUpdates on inactive InputConnection
W/RemoteInputConnectionImpl( 6651): getSurroundingText on inactive InputConnection
W/RemoteInputConnectionImpl( 6651): getSurroundingText on inactive InputConnection
W/RemoteInputConnectionImpl( 6651): getTextBeforeCursor on inactive InputConnection
W/WindowOnBackDispatcher( 6651): sendCancelIfRunning: isInProgress=false callback=android.view.ImeBackAnimationController@403c73d
I/ImeTracker( 6651): system_server:7560533d: onCancelled at PHASE_CLIENT_ON_CONTROLS_CHANGED
W/WindowOnBackDispatcher( 6651): sendCancelIfRunning: isInProgress=false callback=io.flutter.embedding.android.FlutterActivity$1@d0e2c72
I/ommunities_demo( 6651): AssetManager2(0x775fd9955d58) locale list changing from [] to [en-US]
I/ImeTracker( 6651): com.example.loom_communities_demo:a973dabb: onRequestShow at ORIGIN_CLIENT reason SHOW_SOFT_INPUT fromUser false
D/InsetsController( 6651): show(ime(), fromIme=false)
D/InsetsController( 6651): Setting requestedVisibleTypes to -1 (was -9)
I/ImeTracker( 6651): com.example.loom_communities_demo:b1a102cd: onRequestShow at ORIGIN_CLIENT reason SHOW_SOFT_INPUT fromUser false
D/InsetsController( 6651): show(ime(), fromIme=false)
I/ImeTracker( 6651): com.example.loom_communities_demo:b1a102cd: onCancelled at PHASE_CLIENT_REPORT_REQUESTED_VISIBLE_TYPES
D/InputConnectionAdaptor( 6651): The input method toggled cursor monitoring on
I/ImeTracker( 6651): com.example.loom_communities_demo:41c489fc: onRequestShow at ORIGIN_CLIENT reason SHOW_SOFT_INPUT fromUser false
D/InsetsController( 6651): show(ime(), fromIme=false)
I/ImeTracker( 6651): com.example.loom_communities_demo:41c489fc: onCancelled at PHASE_CLIENT_REPORT_REQUESTED_VISIBLE_TYPES
I/ImeTracker( 6651): com.example.loom_communities_demo:f83700a0: onRequestShow at ORIGIN_CLIENT reason SHOW_SOFT_INPUT fromUser false
D/InsetsController( 6651): show(ime(), fromIme=false)
I/ImeTracker( 6651): com.example.loom_communities_demo:f83700a0: onCancelled at PHASE_CLIENT_REPORT_REQUESTED_VISIBLE_TYPES
I/ImeTracker( 6651): com.example.loom_communities_demo:d4cbca1f: onRequestHide at ORIGIN_CLIENT reason HIDE_SOFT_INPUT fromUser false
D/InsetsController( 6651): hide(ime(), fromIme=false)
W/WindowOnBackDispatcher( 6651): sendCancelIfRunning: isInProgress=false callback=android.view.ImeBackAnimationController@403c73d
D/InsetsController( 6651): Setting requestedVisibleTypes to -9 (was -1)
I/ImeTracker( 6651): com.example.loom_communities_demo:a973dabb: onCancelled at PHASE_CLIENT_ON_CONTROLS_CHANGED
W/WindowOnBackDispatcher( 6651): sendCancelIfRunning: isInProgress=false callback=io.flutter.embedding.android.FlutterActivity$1@d0e2c72
I/ImeTracker( 6651): system_server:feb9c2fe: onCancelled at PHASE_CLIENT_ON_CONTROLS_CHANGED
W/RemoteInputConnectionImpl( 6651): requestCursorUpdates on inactive InputConnection
W/RemoteInputConnectionImpl( 6651): getSurroundingText on inactive InputConnection
W/RemoteInputConnectionImpl( 6651): getSurroundingText on inactive InputConnection
W/RemoteInputConnectionImpl( 6651): getTextBeforeCursor on inactive InputConnection
I/ommunities_demo( 6651): Background concurrent mark compact GC freed 248KB AllocSpace bytes, 13(1600KB) LOS objects, 49% free, 3272KB/6544KB, paused 100us,11.692ms total 27.120ms
W/WindowOnBackDispatcher( 6651): sendCancelIfRunning: isInProgress=false callback=io.flutter.embedding.android.FlutterActivity$1@d0e2c72
I/flutter ( 6651): 02:24 +1: (tearDownAll)
I/Choreographer( 6651): Skipped 136 frames!  The application may be doing too much work on its main thread.
I/HWUI    ( 6651): Davey! duration=2443ms; Flags=0, FrameTimelineVsyncId=189324, IntendedVsync=7721123527003, Vsync=7723390193579, InputEventId=0, HandleInputStart=7723440791341, AnimationStart=7723440793395, PerformTraversalsStart=7723440794257, DrawStart=7723447061350, FrameDeadline=7721140193669, FrameStartTime=7723405565521, FrameInterval=16666666, WorkloadTarget=16666666, SyncQueued=7723458957313, SyncStart=7723472732909, IssueDrawCommandsStart=7723472823310, SwapBuffers=7723490438024, FrameCompleted=7723580383982, DequeueBufferDuration=5861, QueueBufferDuration=33363986, GpuCompleted=7723580289292, SwapBuffersCompleted=7723580383982, DisplayPresentTime=0, CommandSubmissionCompleted=7723490438024, 
I/flutter ( 6651): 02:27 +2: All tests passed!
All tests passed.
