b25_capture_workflow_screenshots
workingDirectory=C:\LoomWin\app/apps/loom_communities_demo
WORKFLOW_EVIDENCE_ROOT=C:\LoomWin/docs/Build Plan V2/Evidence
mode=targeted-precheck
phases=B12
communities=ext_camera_club
device=emulator-5554
appPackage=com.example.loom_communities_demo
b25InteractionModelAsset=C:\LoomWin/app/packages/core/loom_communities_app_shell/assets/b25_semantic_interaction_models.json
progressReport=C:\LoomWin/docs/Build Plan V2/Evidence/B25/b25-capture-progress.json

--- B12 shard 1/1 ---
$ flutter drive --driver=test_driver/workflow_ui_evidence_test.dart --target=integration_test/workflow_ui_evidence_test.dart -d emulator-5554 --dart-define=LOOM_EVIDENCE_EXTERNAL_ANDROID_SCREENSHOTS=true --dart-define=LOOM_EVIDENCE_PHASE_FILTER=B12 --dart-define=LOOM_EVIDENCE_COMMUNITY_FILTER=ext_camera_club
exitCode=0

--- stdout ---
Resolving dependencies in `C:\LoomWin\app`...
Downloading packages...
  _fe_analyzer_shared 93.0.0 (105.0.0 available)
  analyzer 10.0.1 (14.1.0 available)
  animations 2.2.0 (3.0.0 available)
  archive 4.0.9 (4.2.0 available)
  build 4.0.6 (4.0.10 available)
  build_config 1.3.0 (1.3.2 available)
  build_daemon 4.1.1 (4.1.5 available)
  build_runner 2.15.0 (2.16.0 available)
  built_value 8.12.6 (8.12.7 available)
  cli_launcher 0.3.3+1 (0.3.3+2 available)
  cli_util 0.4.2 (0.6.0 available)
  code_assets 1.2.0 (2.0.0 available)
  crypto_keys 0.3.0+2 (0.3.1 available)
  dart_style 3.1.7 (3.1.12 available)
  dbus 0.7.14 (0.7.15 available)
  drift 2.34.1 (2.34.3 available)
  drift_dev 2.34.0 (2.34.5 available)
  flutter_local_notifications 22.2.0 (22.3.0 available)
  flutter_local_notifications_platform_interface 12.1.0 (12.2.0 available)
  flutter_secure_storage 10.3.1 (11.0.0 available)
  flutter_secure_storage_darwin 0.3.2 (0.4.0 available)
  hooks 2.0.0 (2.2.0 available)
  image 4.8.0 (4.9.2 available)
  jni 1.0.0 (1.0.3 available)
  jni_flutter 1.0.1 (1.0.2 available)
  jose 0.3.5+1 (0.3.5+2 available)
  matcher 0.12.19 (0.12.20 available)
  material_color_utilities 0.13.0 (0.13.1 available)
  melos 7.8.0 (8.3.0 available)
  meta 1.17.0 (1.19.0 available)
  mustache_template 2.0.4 (2.0.5 available)
  native_toolchain_c 0.19.2 (0.19.4 available)
  objective_c 9.4.1 (9.6.0 available)
  package_config 2.2.0 (3.0.0 available)
  path_provider 2.1.5 (2.1.6 available)
  path_provider_linux 2.2.1 (2.2.2 available)
  path_provider_platform_interface 2.1.2 (2.1.3 available)
  posix 6.5.0 (6.5.2 available)
  pub_updater 0.5.0 (0.6.0 available)
  record_use 0.6.0 (1.1.1 available)
  source_gen 4.2.3 (4.3.0 available)
  source_maps 0.10.13 (0.10.14 available)
  sqlite3 3.3.4 (3.5.2 available)
  sqlite3_flutter_libs 0.5.42 (0.6.0+eol available)
  sqlparser 0.44.6 (retracted, 0.45.0 available)
  test 1.30.0 (1.31.2 available)
  test_api 0.7.10 (0.7.13 available)
  test_core 0.6.16 (0.6.19 available)
  url_launcher_android 6.3.30 (6.3.32 available)
  vector_math 2.2.0 (2.4.2 available)
  vm_service 15.2.0 (15.3.0 available)
  webview_flutter 4.13.1 (4.14.1 available)
  webview_flutter_android 4.12.0 (4.14.0 available)
  webview_flutter_wkwebview 3.25.1 (3.26.0 available)
  x509 0.2.4+2 (0.2.4+3 available)
  xml 6.6.1 (7.0.1 available)
Got dependencies in `C:\LoomWin\app`!
56 packages have newer versions incompatible with dependency constraints.
Try `flutter pub outdated` for more information.
Running Gradle task 'assembleDebug'...                              6.3s
√ Built build\app\outputs\flutter-apk\app-debug.apk
Installing build\app\outputs\flutter-apk\app-debug.apk...        1,122ms
D/nativeloader(10663): Load /data/app/~~3ahb6W2zPCx7sjCsoB0fgQ==/com.example.loom_communities_demo-PaE8Um9COVBDI_W3KtYUrw==/base.apk!/lib/x86_64/libdartjni.so using class loader ns clns-9 (caller=/data/app/~~3ahb6W2zPCx7sjCsoB0fgQ==/com.example.loom_communities_demo-PaE8Um9COVBDI_W3KtYUrw==/base.apk!classes7.dex): ok
I/ommunities_demo(10663): hiddenapi: Accessing hidden method Landroid/view/accessibility/AccessibilityNodeInfo;->getSourceNodeId()J (runtime_flags=0, domain=platform, api=unsupported,test-api) from Lio/flutter/view/AccessibilityViewEmbedder$ReflectionAccessors; (domain=app) using reflection: allowed
I/ommunities_demo(10663): hiddenapi: Accessing hidden method Landroid/view/accessibility/AccessibilityRecord;->getSourceNodeId()J (runtime_flags=0, domain=platform, api=unsupported) from Lio/flutter/view/AccessibilityViewEmbedder$ReflectionAccessors; (domain=app) using reflection: allowed
I/ommunities_demo(10663): hiddenapi: Accessing hidden field Landroid/view/accessibility/AccessibilityNodeInfo;->mChildNodeIds:Landroid/util/LongArray; (runtime_flags=0, domain=platform, api=unsupported) from Lio/flutter/view/AccessibilityViewEmbedder$ReflectionAccessors; (domain=app) using reflection: allowed
I/ommunities_demo(10663): hiddenapi: Accessing hidden method Landroid/util/LongArray;->get(I)J (runtime_flags=0, domain=platform, api=unsupported) from Lio/flutter/view/AccessibilityViewEmbedder$ReflectionAccessors; (domain=app) using reflection: allowed
D/FlutterRenderer(10663): Width is zero. 0,0
D/CompatChangeReporter(10663): Compat change id reported: 377864165; UID 10233; state: ENABLED
W/HWUI    (10663): Unknown dataspace 0
I/WindowExtensionsImpl(10663): Initializing Window Extensions, vendor API level=9, activity embedding enabled=true
D/FlutterRenderer(10663): Width is zero. 0,0
D/FlutterJNI(10663): Sending viewport metrics to the engine.
I/ommunities_demo(10663): Compiler allocated 5042KB to compile void android.view.ViewRootImpl.performTraversals()
D/WindowLayoutComponentImpl(10663): Register WindowLayoutInfoListener on Context=com.example.loom_communities_demo.MainActivity@c0acb60, of which baseContext=android.app.ContextImpl@a3c8cea
D/FlutterJNI(10663): Sending viewport metrics to the engine.
I/flutter (10663): 00:00 +0: wf_full-ui-screenshot-evidence-b12-b20
D/InsetsController(10663): hide(ime(), fromIme=false)
I/ImeTracker(10663): com.example.loom_communities_demo:aa468329: onCancelled at PHASE_CLIENT_ALREADY_HIDDEN
D/FlutterJNI(10663): Sending viewport metrics to the engine.
D/ProfileInstaller(10663): Installing profile for com.example.loom_communities_demo
I/flutter (10663): B25_CAPTURE_PROGRESS {"emittedAt":"2026-08-25T00:57:11.876142Z","status":"workflow-start","phase":"B12","workflowId":"workflow-ui-evidence-harness","completedWorkflows":0,"totalWorkflows":1}
I/flutter (10663): B25_CAPTURE_PROGRESS {"emittedAt":"2026-08-25T00:57:11.885286Z","status":"screenshot-start","phase":"B12","screenshotName":"B12_harness_start","completedWorkflows":0,"totalWorkflows":1}
I/ommunities_demo(10663): AssetManager2(0x7c9844b1dd98) locale list changing from [] to [en-US]
I/flutter (10663): B25_CAPTURE_PROGRESS {"emittedAt":"2026-08-25T00:57:20.773067Z","status":"screenshot-start","phase":"B12","screenshotName":"B12_harness_action","completedWorkflows":0,"totalWorkflows":1}
W/WindowOnBackDispatcher(10663): sendCancelIfRunning: isInProgress=false callback=io.flutter.embedding.android.FlutterActivity$1@85ef43
I/flutter (10663): B25_CAPTURE_PROGRESS {"emittedAt":"2026-08-25T00:57:29.394478Z","status":"screenshot-start","phase":"B12","screenshotName":"B12_harness_complete","completedWorkflows":0,"totalWorkflows":1}
I/flutter (10663): B25_CAPTURE_PROGRESS {"emittedAt":"2026-08-25T00:57:37.432468Z","status":"workflow-complete","phase":"B12","workflowId":"workflow-ui-evidence-harness","completedWorkflows":1,"totalWorkflows":1}
I/flutter (10663): SCREENSHOT_CAPTURE_SUMMARY status=complete platform=android requested=3 completed=3 unavailable=0
I/flutter (10663): B25_CAPTURE_PROGRESS {"emittedAt":"2026-08-25T00:57:37.568655Z","status":"run-complete","completedWorkflows":1,"totalWorkflows":1}
I/flutter (10663): 00:28 +1: (tearDownAll)
All tests passed.
I/flutter (10663): 00:28 +2: All tests passed!
WORKFLOW_EVIDENCE_RESULT status=pass walkthroughStatus=pass screenshotStatus=complete workflows=1 screenshots=3/3 completionGateEligible=true

--- stderr ---
VMServiceFlutterDriver: Connecting to Flutter application at http://127.0.0.1:62756/zmHOQbfBaYw=/
VMServiceFlutterDriver: Isolate found with number: 3233892026883399
VMServiceFlutterDriver: Isolate 3233892026883399 is runnable.
VMServiceFlutterDriver: Isolate is paused at start.
VMServiceFlutterDriver: Attempting to resume isolate
VMServiceFlutterDriver: Connected to Flutter application.
VMServiceFlutterDriver: request_data message is taking a long time to complete...

